// Jest Snapshot v1, https://goo.gl/fbAQLP

exports[`SwitchPageButton renders correctly 1`] = `
<View
  style={
    {
      "alignItems": "center",
      "position": "absolute",
    }
  }
>
  <View
    accessibilityState={
      {
        "busy": undefined,
        "checked": undefined,
        "disabled": undefined,
        "expanded": undefined,
        "selected": undefined,
      }
    }
    accessibilityValue={
      {
        "max": undefined,
        "min": undefined,
        "now": undefined,
        "text": undefined,
      }
    }
    accessible={true}
    collapsable={false}
    focusable={true}
    onClick={[Function]}
    onResponderGrant={[Function]}
    onResponderMove={[Function]}
    onResponderRelease={[Function]}
    onResponderTerminate={[Function]}
    onResponderTerminationRequest={[Function]}
    onStartShouldSetResponder={[Function]}
    style={
      {
        "backgroundColor": "white",
        "borderRadius": 5,
        "opacity": 1,
        "padding": 10,
      }
    }
  >
    <Text
      style={
        {
          "color": "black",
        }
      }
    >
      Info
    </Text>
  </View>
</View>
`;
